// Jest Snapshot v1, https://goo.gl/fbAQLP

exports[`iconStore returns icon element 1`] = `"<span class=\\"icon-turn-left\\"></span>"`;
