// Jest Snapshot v1, https://goo.gl/fbAQLP

exports[`renderPredctionList renders qtp-autocomplete__list 1`] = `"<div class=\\"qtp-autocomplete\\"><ul class=\\"qtp-autocomplete__list\\"><li class=\\"qtp-autocomplete__list-item\\" data-qtp-value=\\"12041 Brixton Court, Moreno Valley, CA, United States\\">12041 Brixton Court, Moreno Valley, CA, United States<hr class=\\"qtp-autocomplete__hr\\"></li><li class=\\"qtp-autocomplete__list-item\\" data-qtp-value=\\"12041 Brixton Road, Pasadena, CA, United States\\">12041 Brixton Road, Pasadena, CA, United States<hr class=\\"qtp-autocomplete__hr\\"></li><li class=\\"qtp-autocomplete__list-item\\" data-qtp-value=\\"12041 Brixton Cove, Temecula, CA, United States\\">12041 Brixton Cove, Temecula, CA, United States<hr class=\\"qtp-autocomplete__hr\\"></li><li class=\\"qtp-autocomplete__list-item\\" data-qtp-value=\\"12041 Brixton Place, San Diego, CA, United States\\">12041 Brixton Place, San Diego, CA, United States<hr class=\\"qtp-autocomplete__hr\\"></li><li class=\\"qtp-autocomplete__list-item\\" data-qtp-value=\\"12041 Brixton Court, Bakersfield, CA, United States\\">12041 Brixton Court, Bakersfield, CA, United States<hr class=\\"qtp-autocomplete__hr\\"></li></ul></div>"`;
